Activation command: reg_verifier -domain uvmreg -top reg_rm.xml -dut_name custom_regs -out_file custom_regs -cov -quicktest -pkg reg_rm_pkg -top_level_class_name reg_model
------------------
Runnning glue64.130s released 2019-02-07T18:02:37.775465+00:00 build-tag: jenkins-11_manual_build_glue_64_release-18 hostname: epoxy

Packaged as 19.02.001-a released 2019-02-17T17:53:38.584398+00:00

Command Line Arguments:
    -headless
    -logfile ./reg_verifier_dir/reg_verifier
    -execute /tmp/reg_verifier_24908.js
Environment:


Initializing

Initialize time (ms): 930

Package main.init() done.

(----------23 March 2021 2:28:52 pm----------)

Loading script /tmp/reg_verifier_24908.js

*** Warning: An existing application process is being replaced

[Error]: File reg_rm.xml does not exist
Aborting due to previous errors

Execution time (ms): 34

Execution done - exiting.

(----------23 March 2021 2:28:52 pm----------)

