Activation command: reg_verifier -domain uvmreg -top reg_rm.xml -dut_name custom_regs -out_file custom_regs -cov -quicktest -pkg custom_regs_pkg -top_level_class_name reg_model
------------------
Runnning glue64.130s released 2019-02-07T18:02:37.775465+00:00 build-tag: jenkins-11_manual_build_glue_64_release-18 hostname: epoxy

Packaged as 19.02.001-a released 2019-02-17T17:53:38.584398+00:00

Command Line Arguments:
    -headless
    -logfile ./reg_verifier_dir/reg_verifier
    -execute /tmp/reg_verifier_38671.js
Environment:


Initializing

Initialize time (ms): 960

Package main.init() done.

(----------26 March 2021 3:19:06 pm----------)

Loading script /tmp/reg_verifier_38671.js

*** Warning: An existing application process is being replaced

Reading XML file reg_rm.xml

Parsing reg_rm.xml

Adding ipxact source library location ./

Importing ipxact source reg_rm.xml

Checking existence of license: Xcelium_Single_Core at 3:19:29.927737 pm

License Xcelium_Single_Core exists

Generating code for domain 'uvmreg' in dir '/export/home/bdickins/codetest/uvm_reg_verifier/user_frontdoor/reg_rm/reg_verifier_dir/uvmreg'

  Generating custom_regs_rdb.sv ...

reg_verifier : WARNING - reg_model is used as user-defined class name which is defined from -top_level_class_name option from command-line. There is no SCR check or name collision check for this option value. This option is for backward compatibility. Its usage should be limited.


  Generating custom_regs_config.dat ...

  Generating custom_regs_hdlpaths.dat ...

  Generating files for quicktest.sv & Makefile ...

  Generating cdns_uvmreg_utils_pkg.sv ...

Code generation complete.

Execution time (ms): 23113

Execution done - exiting.

(----------26 March 2021 3:19:30 pm----------)

