xrun(64): 22.09-s010: (c) Copyright 1995-2023 Cadence Design Systems, Inc.
TOOL:	xrun(64)	22.09-s010: Started on Mar 24, 2025 at 21:18:21 EDT
xrun
	-clean
	-rnm_tech
	-input probes.tcl
	-nowarn NSVCER
	-nowarn SAWSTP
	-linedebug
	-status
	-gui
	-timescale 1ns/1ps
	-access rw
	-64bit
	../../../common/packages/EE_pkg.sv
	-top VRdiff_tb
	-y ../../../common/EEnet
	-y ../src
	+libext+.sv
	VRdiff_tb.sv
xrun: *W,BADPRF: The -linedebug option may have an adverse performance impact.
xrun: *N,CLEAN: Removing existing directory ./xcelium.d.
file: ../../../common/packages/EE_pkg.sv
	package worklib.EE_pkg:sv
		errors: 0, warnings: 0
file: VRdiff_tb.sv
	module worklib.VRdiff_tb:sv
		errors: 0, warnings: 0
file: ../src/VRdiff.sv
	module src.VRdiff:sv
		errors: 0, warnings: 0
file: ../../../common/EEnet/EEIO.sv
	module EEnet.EEIO:sv
		errors: 0, warnings: 0
xmvlog: Memory Usage - Current physical: 28.8M, Current virtual: 62.9M
xmvlog: CPU Usage - 0.0s system + 0.0s user = 0.0s total (0.6s, 7.4% cpu)
xmelab: *N,MSFLON: Xcelium will initiate mixed signal elaboration, Reason: option -RNM_TECH.
		Caching library 'worklib' ....... Done
		Caching library 'src' ....... Done
	Elaborating the design hierarchy:
		Caching library 'src' ....... Done
		Caching library 'worklib' ....... Done
		Caching library 'EEnet' ....... Done
	Top level design units:
		EE_pkg
		$unit_0x6d70a818
		VRdiff_tb
xmelab: *W,DSEMEL: This SystemVerilog design will be simulated as per IEEE 1800-2009 SystemVerilog simulation semantics. Use -disable_sem2009 option for turning off SV 2009 simulation semantics.
	Building instance overlay tables: .................... Done
	Generating native compiled code:
		worklib.VRdiff_tb:sv <0x51e1aadc>
			streams:  12, words: 16960
		worklib.EE_pkg:sv <0x348431c5>
			streams:   2, words: 13728
		src.VRdiff:sv <0x10102dd3>
			streams:   6, words:  7902
		EEnet.EEIO:sv <0x00c8ab5f>
			streams:   7, words: 19128
	Building instance specific data structures.
	Loading native compiled code:     .................... Done
	Design hierarchy summary:
		                 Instances  Unique
		Modules:                13       3
		Verilog packages:        1       1
		Resolved nets:           3       1
		Registers:             158      49
		Scalar wires:           24       -
		Vectored wires:         30       -
		Always blocks:           1       1
		Initial blocks:         41       6
		Cont. assignments:      26       6
		Pseudo assignments:     24      12
		Compilation units:       1       1
		Simulation timescale:  1ps
	Writing initial simulation snapshot: worklib.VRdiff_tb:sv
xmelab: Memory Usage - Final: 66.1M, Peak: 185.9M, Peak virtual: 273.7M
xmelab: CPU Usage - 0.1s system + 0.1s user = 0.1s total (0.4s, 38.9% cpu)
xmsim: *W,NOMTDGUI: Multi-Threaded Dumping is disabled for interactive debug mode.
xmsim: *W,DSEM2009: This SystemVerilog design is simulated as per IEEE 1800-2009 SystemVerilog simulation semantics. Use -disable_sem2009 option for turning off SV 2009 simulation semantics.

-------------------------------------
Relinquished control to SimVision...
xcelium> 
xcelium> source /software/commercial/cadence/XCELIUM2209/tools/xcelium/files/xmsimrc
xcelium> database -open -shm -into waves.shm waves -default -event
Created default SHM database waves
xcelium> probe -create -database waves -all -memories -depth all
xmsim: *W,PRPSWM: Protected signal was excluded from probing.
xmsim: *W,PRPSWM: Protected signal was excluded from probing.
xmsim: *W,PRPSWM: Protected signal was excluded from probing.
xmsim: *W,PRPSWM: Protected signal was excluded from probing.
xmsim: *W,PRPSWM: Protected signal was excluded from probing.
xmsim: *W,PRPSWM: Protected signal was excluded from probing.
xmsim: *W,PRPSWM: Protected signal was excluded from probing.
xmsim: *W,PRPSWM: Protected signal was excluded from probing.
xmsim: *W,PRPSWM: Protected signal was excluded from probing.
xmsim: *W,PRPSWM: Protected signal was excluded from probing.
xmsim: *W,PRPWML: Protected limit warning count reached (10). Additional warnings will not be reported.
Created probe 1
xcelium> run
<ERROR> VRdiff_tb.CD.DN (1) EEIO Iteration limited at T=420.000ns
<ERROR> VRdiff_tb.AB.DP (1) EEIO Iteration limited at T=420.000ns
<ERROR> VRdiff_tb.AB.DN (1) EEIO Iteration limited at T=420.000ns
<ERROR> VRdiff_tb.CD.DP (1) EEIO Iteration limited at T=420.000ns
Simulation stopped via $stop(1) at time 445 NS + 0
xcelium> 