xrun: 21.03-s015: (c) Copyright 1995-2022 Cadence Design Systems, Inc.
TOOL:	xrun	21.03-s015: Started on Jun 13, 2022 at 18:59:23 BST
xrun
	-uvmhome default
	+uvm_set_config_string=*,uvm_reg_generate_access_file_seq::file_name,access_file
	./cdns_uvmreg_utils_pkg.sv
	./yapp_router_regs_rdb.sv
	./quicktest.sv
	-log xrun_gen_access.log
	+UVM_TESTNAME=access_test

   User defined plus("+") options:
	+uvm_set_config_string=*,uvm_reg_generate_access_file_seq::file_name,access_file

Compiling UVM packages (uvm_pkg.sv cdns_uvm_pkg.sv) using uvmhome location /mnt/hd2/cadmgr/cadence/installs/XCELIUM2103/tools/methodology/UVM/CDNS-1.1d
file: ./cdns_uvmreg_utils_pkg.sv
	package worklib.cdns_uvmreg_utils_pkg:sv
		errors: 0, warnings: 0
file: ./yapp_router_regs_rdb.sv
	package worklib.yapp_router_reg_pkg:sv
		errors: 0, warnings: 0
file: ./quicktest.sv
package uvc_pkg;
              |
xmvlog: *W,TSNSPK (./quicktest.sv,5|14): `timescale is not specified for the package.  The default timescale of 1ns/1ns will be assumed for this package.
	package worklib.uvc_pkg:sv
		errors: 0, warnings: 1
	package worklib.quicktest:sv
		errors: 0, warnings: 0
	module worklib.test:sv
		errors: 0, warnings: 0
		Caching library 'worklib' ....... Done
	Elaborating the design hierarchy:
	Top level design units:
		uvm_pkg
		cdns_uvmapi
		cdns_assert2uvm_pkg
		cdns_uvm_pkg
		uvc_pkg
		cdns_uvmreg_utils_pkg
		yapp_router_reg_pkg
		uvm_nowarn_from_cmdline
		cdns_uvm_addons
		quicktest
		test
xmelab: *W,DSEMEL: This SystemVerilog design will be simulated as per IEEE 1800-2009 SystemVerilog simulation semantics. Use -disable_sem2009 option for turning off SV 2009 simulation semantics.
	Building instance overlay tables: .................... Done
	Generating native compiled code:
		worklib.test:sv <0x3deb2fb5>
			streams:   1, words:   590
		worklib.uvm_pkg:sv <0x74465688>
			streams:   6, words:  2680
		worklib.uvm_pkg:sv <0x6ace17bc>
			streams:   6, words:  2447
		worklib.uvm_pkg:sv <0x0fa2f4cc>
			streams:   5, words:  2008
		worklib.uvm_pkg:sv <0x0012cdd6>
			streams:   7, words:  1511
		worklib.uvm_pkg:sv <0x5da5bbb5>
			streams:   8, words:  2150
		worklib.uvm_pkg:sv <0x6d18935e>
			streams:  21, words: 41411
		worklib.uvm_pkg:sv <0x77171160>
			streams:   7, words:  1511
		worklib.uvm_pkg:sv <0x46f82d00>
			streams:   7, words:  2500
		worklib.uvm_pkg:sv <0x452d96e6>
			streams:   7, words:  2500
		worklib.uvm_pkg:sv <0x0b40ea6a>
			streams:   8, words:  3330
		worklib.uvm_pkg:sv <0x75d0c065>
			streams:  24, words: 15852
		worklib.uvm_pkg:sv <0x6e6c138e>
			streams:  24, words: 15022
		worklib.uvm_pkg:sv <0x42110e17>
			streams:  20, words: 14587
		worklib.uvm_pkg:sv <0x7d068ac9>
			streams:  11, words:  3313
		worklib.uvm_pkg:sv <0x4eb14764>
			streams:  23, words: 24694
		worklib.uvm_pkg:sv <0x0052be97>
			streams:   7, words:  1950
		worklib.uvm_pkg:sv <0x13e47b09>
			streams:  12, words: 12461
		worklib.uvm_pkg:sv <0x32eb2a27>
			streams:  23, words: 18582
		worklib.uvm_pkg:sv <0x4c7687fe>
			streams:  22, words: 39498
		worklib.uvm_pkg:sv <0x73d9207e>
			streams:  25, words: 24285
		worklib.uvm_pkg:sv <0x4bfa33c6>
			streams:  24, words: 35882
		worklib.uvm_pkg:sv <0x50a87416>
			streams:  25, words: 26457
		worklib.uvm_pkg:sv <0x4f555fa7>
			streams:  23, words: 39522
		worklib.uvm_pkg:sv <0x41f5abcd>
			streams:  25, words: 27989
		worklib.uvm_pkg:sv <0x69db7aa6>
			streams:  23, words: 44187
		worklib.uvm_pkg:sv <0x7261ad06>
			streams:  25, words: 31281
		worklib.uvm_pkg:sv <0x631ba70f>
			streams:  23, words: 39315
		worklib.uvm_pkg:sv <0x49b23b46>
			streams:  23, words: 41420
		worklib.uvm_pkg:sv <0x7292bb5f>
			streams:  25, words: 25784
		worklib.uvm_pkg:sv <0x7fe8d3e4>
			streams:  23, words: 38396
		worklib.cdns_uvm_pkg:sv <0x66ed6445>
			streams:  26, words: 27822
		worklib.cdns_uvm_pkg:sv <0x7f406aa1>
			streams:   8, words:  3031
		worklib.cdns_uvm_pkg:sv <0x7afd5e7b>
			streams:  10, words:  6904
		worklib.cdns_uvmreg_utils_pkg:sv <0x7e5696f1>
			streams:   5, words:  1935
		worklib.uvm_pkg:sv <0x551c0489>
			streams:  25, words: 39833
		worklib.uvm_pkg:sv <0x3c8836ef>
			streams:  24, words: 19486
		worklib.uvm_pkg:sv <0x64500e85>
			streams:  24, words: 16635
		worklib.uvm_pkg:sv <0x6169c2e3>
			streams:  78, words: 84376
		worklib.uvm_pkg:sv <0x447bc551>
			streams:  24, words: 22218
		worklib.cdns_uvm_addons:sv <0x7651e4ee>
			streams: 276, words: 364395
		worklib.uvm_pkg:sv <0x02eed6f5>
			streams:  21, words: 14489
		worklib.uvm_pkg:sv <0x690f4193>
			streams: 341, words: 296742
		worklib.uvm_pkg:sv <0x727e2572>
			streams:  23, words: 18265
		worklib.uvm_pkg:sv <0x6f3a419a>
			streams:  21, words: 12670
		worklib.uvm_pkg:sv <0x67266055>
			streams:   7, words:  2500
		worklib.uvm_pkg:sv <0x5e30cc4d>
			streams:  26, words: 29028
		worklib.uvm_pkg:sv <0x44c8c7d7>
			streams:  25, words: 60414
		worklib.quicktest:sv <0x59d4592d>
			streams:   0, words:     0
		worklib.uvc_pkg:sv <0x1ec7a52d>
			streams:   0, words:     0
		worklib.yapp_router_reg_pkg:sv <0x0f90257c>
			streams: 351, words: 228857
		worklib.cdns_uvmreg_utils_pkg:sv <0x416eb645>
			streams:  10, words: 25437
		worklib.cdns_uvmreg_utils_pkg:sv <0x2052f727>
			streams:   7, words:  2754
		worklib.cdns_uvmreg_utils_pkg:sv <0x501d32c2>
			streams:  38, words: 72500
		worklib.cdns_uvm_addons:sv <0x2830cd81>
			streams:   0, words:     0
		worklib.cdns_uvm_pkg:sv <0x4300a011>
			streams: 128, words: 173587
		worklib.cdns_uvmapi:svp <0x32f7ba1f>
			streams:  27, words: 24551
		worklib.cdns_assert2uvm_pkg:sv <0x0b36861f>
			streams:   3, words:  1799
		worklib.uvm_nowarn_from_cmdline:sv <0x54f3567b>
			streams:   9, words:  6673
		worklib.uvm_pkg:sv <0x71b33584>
			streams: 4008, words: 5086712
	Building instance specific data structures.
	Loading native compiled code:     .................... Done
	Design hierarchy summary:
		                       Instances  Unique
		Modules:                       1       1
		Verilog packages:             10      10
		Registers:                 15808   10948
		Named events:                  4      12
		Initial blocks:              346     174
		Parallel blocks:              26      27
		Assertions:                    3       4
		Covergroup Instances:          0      18
		SV Class declarations:       224     339
		SV Class specializations:    442     442
	Writing initial simulation snapshot: worklib.test:sv
Loading snapshot worklib.test:sv .................... Done
SVSEED default: 1
xmsim: *W,DSEM2009: This SystemVerilog design is simulated as per IEEE 1800-2009 SystemVerilog simulation semantics. Use -disable_sem2009 option for turning off SV 2009 simulation semantics.
xcelium> source /mnt/hd2/cadmgr/cadence/installs/XCELIUM2103/tools/xcelium/files/xmsimrc
xcelium> source /mnt/hd2/cadmgr/cadence/installs/XCELIUM2103/tools/methodology/UVM/CDNS-1.1d/additions/sv/files/tcl/uvm_sim.tcl
xcelium> run
----------------------------------------------------------------
CDNS-UVM-1.1d (21.03-s015)
(C) 2007-2013 Mentor Graphics Corporation
(C) 2007-2013 Cadence Design Systems, Inc.
(C) 2006-2013 Synopsys, Inc.
(C) 2011-2013 Cypress Semiconductor Corp.
----------------------------------------------------------------

  ***********       IMPORTANT RELEASE NOTES         ************

  You are using a version of the UVM library that has been compiled
  with `UVM_NO_DEPRECATED undefined.
  See http://www.eda.org/svdb/view.php?id=3313 for more details.

  You are using a version of the UVM library that has been compiled
  with `UVM_OBJECT_MUST_HAVE_CONSTRUCTOR undefined.
  See http://www.eda.org/svdb/view.php?id=3770 for more details.

      (Specify +UVM_NO_RELNOTES to turn off this notice)

UVM_INFO @ 0: reporter [RNTST] Running test access_test...
UVM_INFO @ 0: reporter [UVM_CMDLINE_PROC] Applying config setting from the command line: +uvm_set_config_string=*,uvm_reg_generate_access_file_seq::file_name,access_file
include_coverage not located
  did you mean model.router_yapp_regs?
include_coverage not located
  did you mean model.router_yapp_regs?
include_coverage not located
  did you mean model.router_yapp_regs?
include_coverage not located
  did you mean model.router_yapp_regs?
include_coverage not located
  did you mean model.router_yapp_regs?
include_coverage not located
  did you mean model.router_yapp_regs?
include_coverage not located
  did you mean model.router_yapp_regs?
include_coverage not located
  did you mean model.router_yapp_regs?
include_coverage not located
  did you mean model.router_yapp_regs?
UVM_INFO /mnt/hd2/cadmgr/cadence/installs/XCELIUM2103/tools/methodology/UVM/CDNS-1.1d/additions/sv/./reg/uvm_reg_generate_access_file_seq.sv(33) @ 0: reporter@@access_seq [RegMem] generating IUS access file "access_file"
UVM_INFO /mnt/hd2/cadmgr/cadence/installs/XCELIUM2103/tools/methodology/UVM/CDNS-1.1d/sv/src/reg/sequences/uvm_reg_mem_hdl_paths_seq.svh(72) @ 0: reporter@@access_seq [uvm_reg_mem_hdl_paths_seq] checking HDL paths for all registers/memories in model
UVM_INFO /mnt/hd2/cadmgr/cadence/installs/XCELIUM2103/tools/methodology/UVM/CDNS-1.1d/sv/src/reg/sequences/uvm_reg_mem_hdl_paths_seq.svh(100) @ 0: reporter@@access_seq [uvm_reg_mem_hdl_paths_seq] Validating HDL paths in model for default design abstraction
UVM_INFO /mnt/hd2/cadmgr/cadence/installs/XCELIUM2103/tools/methodology/UVM/CDNS-1.1d/sv/src/reg/sequences/uvm_reg_mem_hdl_paths_seq.svh(100) @ 0: reporter@@access_seq [uvm_reg_mem_hdl_paths_seq] Validating HDL paths in model.router_yapp_regs for default design abstraction
UVM_INFO /mnt/hd2/cadmgr/cadence/installs/XCELIUM2103/tools/methodology/UVM/CDNS-1.1d/sv/src/reg/sequences/uvm_reg_mem_hdl_paths_seq.svh(81) @ 0: reporter@@access_seq [uvm_reg_mem_hdl_paths_seq] HDL path validation completed 
UVM_INFO /mnt/hd2/cadmgr/cadence/installs/XCELIUM2103/tools/methodology/UVM/CDNS-1.1d/additions/sv/./reg/uvm_reg_generate_access_file_seq.sv(42) @ 0: reporter@@access_seq [RegMem] pass the generated file to irun via "-afile access_file"
UVM_INFO /mnt/hd2/cadmgr/cadence/installs/XCELIUM2103/tools/methodology/UVM/CDNS-1.1d/sv/src/base/uvm_objection.svh(1268) @ 0: reporter [TEST_DONE] 'run' phase is ready to proceed to the 'extract' phase

--- UVM Report catcher Summary ---


Number of demoted UVM_FATAL reports  :    0
Number of demoted UVM_ERROR reports  :    0
Number of demoted UVM_WARNING reports:    0
Number of caught UVM_FATAL reports   :    0
Number of caught UVM_ERROR reports   :    0
Number of caught UVM_WARNING reports :    0

--- UVM Report Summary ---

** Report counts by severity
UVM_INFO :    9
UVM_WARNING :    0
UVM_ERROR :    0
UVM_FATAL :    0
** Report counts by id
[RNTST]     1
[RegMem]     2
[TEST_DONE]     1
[UVM_CMDLINE_PROC]     1
[uvm_reg_mem_hdl_paths_seq]     4
Simulation complete via $finish(1) at time 0 FS + 179
/mnt/hd2/cadmgr/cadence/installs/XCELIUM2103/tools/methodology/UVM/CDNS-1.1d/sv/src/base/uvm_root.svh:457     $finish;
xcelium> exit
TOOL:	xrun	21.03-s015: Exiting on Jun 13, 2022 at 18:59:29 BST  (total: 00:00:06)
