[INFO ] 2022-05-31 13:37:40,395 [com.cadence.mdv.imc.Main] [main] - Binding debug tools http on port: 36828
[INFO ] 2022-05-31 13:48:32,732 [com.cadence.mdv.imc.Main] [main] - Binding debug tools http on port: 46623
[ERROR] 2022-05-31 13:48:36,901 [com.cadence.mdv.gui.activities.GMDVSummaryActivity] [AWT-EventQueue-0] - ASSERTION 'entity' must be of type 'GMDVBaseDomainEntity' at GMDVSummaryActivity.findHierarchyRootEntity()
[ERROR] 2022-05-31 13:48:36,901 [com.cadence.mdv.gui.activities.GMDVSummaryActivity] [AWT-EventQueue-0] - ASSERTION 'entity.getType() == MDVEntityType.SUMMARY_TREE_ROOT' failed at GMDVSummaryActivity.findHierarchyRootEntity()
[ERROR] 2022-05-31 13:48:36,926 [com.cadence.mdv.gui.activities.GMDVSummaryActivity] [AWT-EventQueue-0] - ASSERTION 'entity' must be of type 'GMDVBaseDomainEntity' at GMDVSummaryActivity.findHierarchyRootEntity()
[ERROR] 2022-05-31 13:48:36,926 [com.cadence.mdv.gui.activities.GMDVSummaryActivity] [AWT-EventQueue-0] - ASSERTION 'entity.getType() == MDVEntityType.SUMMARY_TREE_ROOT' failed at GMDVSummaryActivity.findHierarchyRootEntity()
[ERROR] 2022-05-31 13:48:37,275 [com.cadence.ufi.gui.util.DefaultExceptionHandler] [AWT-EventQueue-0] - Tool has encountered an internal error.<br>Please send: /mnt/hd2/bdickins/coursecode/uvm_reg_training_2103/solutions/lab09_coverage/tb/mdv.log to support@cadence.com<br>or contact Cadence Support.:java.lang.ClassCastException: com.cadence.ufi.gui.data.GUFINAEntity cannot be cast to com.cadence.mdv.gui.data.GMDVBaseDomainEntity
[ERROR] 2022-05-31 13:48:37,275 [com.cadence.ufi.gui.util.DefaultExceptionHandler] [AWT-EventQueue-0] - Tool has encountered an internal error.<br>Please send: /mnt/hd2/bdickins/coursecode/uvm_reg_training_2103/solutions/lab09_coverage/tb/mdv.log to support@cadence.com<br>or contact Cadence Support.
java.lang.ClassCastException: com.cadence.ufi.gui.data.GUFINAEntity cannot be cast to com.cadence.mdv.gui.data.GMDVBaseDomainEntity
	at com.cadence.mdv.gui.activities.GMDVSummaryActivity$GMDVSummarySubActivity.findHierarchyRootEntity(GMDVSummaryActivity.java:2678)
	at com.cadence.mdv.gui.activities.GMDVSummaryActivity$GMDVSummarySubActivity.access$12(GMDVSummaryActivity.java:2658)
	at com.cadence.mdv.gui.activities.GMDVSummaryActivity.getHierarchyTreeRoot(GMDVSummaryActivity.java:752)
	at com.cadence.mdv.gui.activities.GMDVSummaryActivity$GMDVSummarySubActivity$12.run(GMDVSummaryActivity.java:2492)
	at com.cadence.ufi.gui.data.GUFIBaseDatasetProxy$2.finishedWork(GUFIBaseDatasetProxy.java:399)
	at com.cadence.ufi.gui.data.GUFIBaseDatasetProxy$2.finishedWork(GUFIBaseDatasetProxy.java:384)
	at com.cadence.ufi.gui.worker.GUFITaskExecutor.done(GUFITaskExecutor.java:86)
	at javax.swing.SwingWorker$5.run(SwingWorker.java:737)
	at javax.swing.SwingWorker$DoSubmitAccumulativeRunnable.run(SwingWorker.java:832)
	at sun.swing.AccumulativeRunnable.run(AccumulativeRunnable.java:112)
	at javax.swing.SwingWorker$DoSubmitAccumulativeRunnable.actionPerformed(SwingWorker.java:842)
	at javax.swing.Timer.fireActionPerformed(Timer.java:313)
	at javax.swing.Timer$DoPostEvent.run(Timer.java:245)
	at java.awt.event.InvocationEvent.dispatch(InvocationEvent.java:311)
	at java.awt.EventQueue.dispatchEventImpl(EventQueue.java:758)
	at java.awt.EventQueue.access$500(EventQueue.java:97)
	at java.awt.EventQueue$3.run(EventQueue.java:709)
	at java.awt.EventQueue$3.run(EventQueue.java:703)
	at java.security.AccessController.doPrivileged(Native Method)
	at java.security.ProtectionDomain$JavaSecurityAccessImpl.doIntersectionPrivilege(ProtectionDomain.java:74)
	at java.awt.EventQueue.dispatchEvent(EventQueue.java:728)
	at java.awt.EventDispatchThread.pumpOneEventForFilters(EventDispatchThread.java:205)
	at java.awt.EventDispatchThread.pumpEventsForFilter(EventDispatchThread.java:116)
	at java.awt.EventDispatchThread.pumpEventsForHierarchy(EventDispatchThread.java:105)
	at java.awt.EventDispatchThread.pumpEvents(EventDispatchThread.java:101)
	at java.awt.EventDispatchThread.pumpEvents(EventDispatchThread.java:93)
	at java.awt.EventDispatchThread.run(EventDispatchThread.java:82)
[INFO ] 2022-05-31 13:51:34,644 [com.cadence.mdv.imc.Main] [main] - Binding debug tools http on port: 36946
[ERROR] 2022-05-31 13:51:40,223 [com.cadence.mdv.gui.activities.GMDVSummaryActivity] [AWT-EventQueue-0] - ASSERTION 'entity' must be of type 'GMDVBaseDomainEntity' at GMDVSummaryActivity.findHierarchyRootEntity()
[ERROR] 2022-05-31 13:51:40,223 [com.cadence.mdv.gui.activities.GMDVSummaryActivity] [AWT-EventQueue-0] - ASSERTION 'entity.getType() == MDVEntityType.SUMMARY_TREE_ROOT' failed at GMDVSummaryActivity.findHierarchyRootEntity()
[ERROR] 2022-05-31 13:51:40,228 [com.cadence.mdv.gui.activities.GMDVSummaryActivity] [AWT-EventQueue-0] - ASSERTION 'entity' must be of type 'GMDVBaseDomainEntity' at GMDVSummaryActivity.findHierarchyRootEntity()
[ERROR] 2022-05-31 13:51:40,229 [com.cadence.mdv.gui.activities.GMDVSummaryActivity] [AWT-EventQueue-0] - ASSERTION 'entity.getType() == MDVEntityType.SUMMARY_TREE_ROOT' failed at GMDVSummaryActivity.findHierarchyRootEntity()
[ERROR] 2022-05-31 13:51:40,533 [com.cadence.ufi.gui.util.DefaultExceptionHandler] [AWT-EventQueue-0] - Tool has encountered an internal error.<br>Please send: /mnt/hd2/bdickins/coursecode/uvm_reg_training_2103/solutions/lab09_coverage/tb/mdv.log to support@cadence.com<br>or contact Cadence Support.:java.lang.ClassCastException: com.cadence.ufi.gui.data.GUFINAEntity cannot be cast to com.cadence.mdv.gui.data.GMDVBaseDomainEntity
[ERROR] 2022-05-31 13:51:40,533 [com.cadence.ufi.gui.util.DefaultExceptionHandler] [AWT-EventQueue-0] - Tool has encountered an internal error.<br>Please send: /mnt/hd2/bdickins/coursecode/uvm_reg_training_2103/solutions/lab09_coverage/tb/mdv.log to support@cadence.com<br>or contact Cadence Support.
java.lang.ClassCastException: com.cadence.ufi.gui.data.GUFINAEntity cannot be cast to com.cadence.mdv.gui.data.GMDVBaseDomainEntity
	at com.cadence.mdv.gui.activities.GMDVSummaryActivity$GMDVSummarySubActivity.findHierarchyRootEntity(GMDVSummaryActivity.java:2678)
	at com.cadence.mdv.gui.activities.GMDVSummaryActivity$GMDVSummarySubActivity.access$12(GMDVSummaryActivity.java:2658)
	at com.cadence.mdv.gui.activities.GMDVSummaryActivity.getHierarchyTreeRoot(GMDVSummaryActivity.java:752)
	at com.cadence.mdv.gui.activities.GMDVSummaryActivity$GMDVSummarySubActivity$12.run(GMDVSummaryActivity.java:2492)
	at com.cadence.ufi.gui.data.GUFIBaseDatasetProxy$2.finishedWork(GUFIBaseDatasetProxy.java:399)
	at com.cadence.ufi.gui.data.GUFIBaseDatasetProxy$2.finishedWork(GUFIBaseDatasetProxy.java:384)
	at com.cadence.ufi.gui.worker.GUFITaskExecutor.done(GUFITaskExecutor.java:86)
	at javax.swing.SwingWorker$5.run(SwingWorker.java:737)
	at javax.swing.SwingWorker$DoSubmitAccumulativeRunnable.run(SwingWorker.java:832)
	at sun.swing.AccumulativeRunnable.run(AccumulativeRunnable.java:112)
	at javax.swing.SwingWorker$DoSubmitAccumulativeRunnable.actionPerformed(SwingWorker.java:842)
	at javax.swing.Timer.fireActionPerformed(Timer.java:313)
	at javax.swing.Timer$DoPostEvent.run(Timer.java:245)
	at java.awt.event.InvocationEvent.dispatch(InvocationEvent.java:311)
	at java.awt.EventQueue.dispatchEventImpl(EventQueue.java:758)
	at java.awt.EventQueue.access$500(EventQueue.java:97)
	at java.awt.EventQueue$3.run(EventQueue.java:709)
	at java.awt.EventQueue$3.run(EventQueue.java:703)
	at java.security.AccessController.doPrivileged(Native Method)
	at java.security.ProtectionDomain$JavaSecurityAccessImpl.doIntersectionPrivilege(ProtectionDomain.java:74)
	at java.awt.EventQueue.dispatchEvent(EventQueue.java:728)
	at java.awt.EventDispatchThread.pumpOneEventForFilters(EventDispatchThread.java:205)
	at java.awt.EventDispatchThread.pumpEventsForFilter(EventDispatchThread.java:116)
	at java.awt.EventDispatchThread.pumpEventsForHierarchy(EventDispatchThread.java:105)
	at java.awt.EventDispatchThread.pumpEvents(EventDispatchThread.java:101)
	at java.awt.EventDispatchThread.pumpEvents(EventDispatchThread.java:93)
	at java.awt.EventDispatchThread.run(EventDispatchThread.java:82)
[INFO ] 2022-05-31 13:53:23,287 [com.cadence.mdv.imc.Main] [main] - Binding debug tools http on port: 39514
[ERROR] 2022-05-31 13:53:38,256 [com.cadence.mdv.gui.activities.GMDVSummaryActivity] [AWT-EventQueue-0] - ASSERTION 'entity' must be of type 'GMDVBaseDomainEntity' at GMDVSummaryActivity.findHierarchyRootEntity()
[ERROR] 2022-05-31 13:53:38,256 [com.cadence.mdv.gui.activities.GMDVSummaryActivity] [AWT-EventQueue-0] - ASSERTION 'entity.getType() == MDVEntityType.SUMMARY_TREE_ROOT' failed at GMDVSummaryActivity.findHierarchyRootEntity()
[ERROR] 2022-05-31 13:53:38,257 [com.cadence.mdv.gui.activities.GMDVSummaryActivity] [AWT-EventQueue-0] - ASSERTION 'entity' must be of type 'GMDVBaseDomainEntity' at GMDVSummaryActivity.findHierarchyRootEntity()
[ERROR] 2022-05-31 13:53:38,257 [com.cadence.mdv.gui.activities.GMDVSummaryActivity] [AWT-EventQueue-0] - ASSERTION 'entity.getType() == MDVEntityType.SUMMARY_TREE_ROOT' failed at GMDVSummaryActivity.findHierarchyRootEntity()
[ERROR] 2022-05-31 13:53:38,359 [com.cadence.ufi.gui.util.DefaultExceptionHandler] [AWT-EventQueue-0] - Tool has encountered an internal error.<br>Please send: /mnt/hd2/bdickins/coursecode/uvm_reg_training_2103/solutions/lab09_coverage/tb/mdv.log to support@cadence.com<br>or contact Cadence Support.:java.lang.ClassCastException: com.cadence.ufi.gui.data.GUFINAEntity cannot be cast to com.cadence.mdv.gui.data.GMDVBaseDomainEntity
[ERROR] 2022-05-31 13:53:38,360 [com.cadence.ufi.gui.util.DefaultExceptionHandler] [AWT-EventQueue-0] - Tool has encountered an internal error.<br>Please send: /mnt/hd2/bdickins/coursecode/uvm_reg_training_2103/solutions/lab09_coverage/tb/mdv.log to support@cadence.com<br>or contact Cadence Support.
java.lang.ClassCastException: com.cadence.ufi.gui.data.GUFINAEntity cannot be cast to com.cadence.mdv.gui.data.GMDVBaseDomainEntity
	at com.cadence.mdv.gui.activities.GMDVSummaryActivity$GMDVSummarySubActivity.findHierarchyRootEntity(GMDVSummaryActivity.java:2678)
	at com.cadence.mdv.gui.activities.GMDVSummaryActivity$GMDVSummarySubActivity.access$12(GMDVSummaryActivity.java:2658)
	at com.cadence.mdv.gui.activities.GMDVSummaryActivity.getHierarchyTreeRoot(GMDVSummaryActivity.java:752)
	at com.cadence.mdv.gui.activities.GMDVSummaryActivity$GMDVSummarySubActivity$12.run(GMDVSummaryActivity.java:2492)
	at com.cadence.ufi.gui.data.GUFIBaseDatasetProxy$2.finishedWork(GUFIBaseDatasetProxy.java:399)
	at com.cadence.ufi.gui.data.GUFIBaseDatasetProxy$2.finishedWork(GUFIBaseDatasetProxy.java:384)
	at com.cadence.ufi.gui.worker.GUFITaskExecutor.done(GUFITaskExecutor.java:86)
	at javax.swing.SwingWorker$5.run(SwingWorker.java:737)
	at javax.swing.SwingWorker$DoSubmitAccumulativeRunnable.run(SwingWorker.java:832)
	at sun.swing.AccumulativeRunnable.run(AccumulativeRunnable.java:112)
	at javax.swing.SwingWorker$DoSubmitAccumulativeRunnable.actionPerformed(SwingWorker.java:842)
	at javax.swing.Timer.fireActionPerformed(Timer.java:313)
	at javax.swing.Timer$DoPostEvent.run(Timer.java:245)
	at java.awt.event.InvocationEvent.dispatch(InvocationEvent.java:311)
	at java.awt.EventQueue.dispatchEventImpl(EventQueue.java:758)
	at java.awt.EventQueue.access$500(EventQueue.java:97)
	at java.awt.EventQueue$3.run(EventQueue.java:709)
	at java.awt.EventQueue$3.run(EventQueue.java:703)
	at java.security.AccessController.doPrivileged(Native Method)
	at java.security.ProtectionDomain$JavaSecurityAccessImpl.doIntersectionPrivilege(ProtectionDomain.java:74)
	at java.awt.EventQueue.dispatchEvent(EventQueue.java:728)
	at java.awt.EventDispatchThread.pumpOneEventForFilters(EventDispatchThread.java:205)
	at java.awt.EventDispatchThread.pumpEventsForFilter(EventDispatchThread.java:116)
	at java.awt.EventDispatchThread.pumpEventsForHierarchy(EventDispatchThread.java:105)
	at java.awt.EventDispatchThread.pumpEvents(EventDispatchThread.java:101)
	at java.awt.EventDispatchThread.pumpEvents(EventDispatchThread.java:93)
	at java.awt.EventDispatchThread.run(EventDispatchThread.java:82)
[INFO ] 2022-05-31 14:18:45,206 [com.cadence.mdv.imc.Main] [main] - Binding debug tools http on port: 34152
[ERROR] 2022-05-31 14:18:51,074 [com.cadence.mdv.gui.activities.GMDVSummaryActivity] [AWT-EventQueue-0] - ASSERTION 'entity' must be of type 'GMDVBaseDomainEntity' at GMDVSummaryActivity.findHierarchyRootEntity()
[ERROR] 2022-05-31 14:18:51,074 [com.cadence.mdv.gui.activities.GMDVSummaryActivity] [AWT-EventQueue-0] - ASSERTION 'entity.getType() == MDVEntityType.SUMMARY_TREE_ROOT' failed at GMDVSummaryActivity.findHierarchyRootEntity()
[ERROR] 2022-05-31 14:18:51,084 [com.cadence.mdv.gui.activities.GMDVSummaryActivity] [AWT-EventQueue-0] - ASSERTION 'entity' must be of type 'GMDVBaseDomainEntity' at GMDVSummaryActivity.findHierarchyRootEntity()
[ERROR] 2022-05-31 14:18:51,084 [com.cadence.mdv.gui.activities.GMDVSummaryActivity] [AWT-EventQueue-0] - ASSERTION 'entity.getType() == MDVEntityType.SUMMARY_TREE_ROOT' failed at GMDVSummaryActivity.findHierarchyRootEntity()
[ERROR] 2022-05-31 14:18:51,521 [com.cadence.ufi.gui.util.DefaultExceptionHandler] [AWT-EventQueue-0] - Tool has encountered an internal error.<br>Please send: /mnt/hd2/bdickins/coursecode/uvm_reg_training_2103/solutions/lab09_coverage/tb/mdv.log to support@cadence.com<br>or contact Cadence Support.:java.lang.ClassCastException: com.cadence.ufi.gui.data.GUFINAEntity cannot be cast to com.cadence.mdv.gui.data.GMDVBaseDomainEntity
[ERROR] 2022-05-31 14:18:51,521 [com.cadence.ufi.gui.util.DefaultExceptionHandler] [AWT-EventQueue-0] - Tool has encountered an internal error.<br>Please send: /mnt/hd2/bdickins/coursecode/uvm_reg_training_2103/solutions/lab09_coverage/tb/mdv.log to support@cadence.com<br>or contact Cadence Support.
java.lang.ClassCastException: com.cadence.ufi.gui.data.GUFINAEntity cannot be cast to com.cadence.mdv.gui.data.GMDVBaseDomainEntity
	at com.cadence.mdv.gui.activities.GMDVSummaryActivity$GMDVSummarySubActivity.findHierarchyRootEntity(GMDVSummaryActivity.java:2678)
	at com.cadence.mdv.gui.activities.GMDVSummaryActivity$GMDVSummarySubActivity.access$12(GMDVSummaryActivity.java:2658)
	at com.cadence.mdv.gui.activities.GMDVSummaryActivity.getHierarchyTreeRoot(GMDVSummaryActivity.java:752)
	at com.cadence.mdv.gui.activities.GMDVSummaryActivity$GMDVSummarySubActivity$12.run(GMDVSummaryActivity.java:2492)
	at com.cadence.ufi.gui.data.GUFIBaseDatasetProxy$2.finishedWork(GUFIBaseDatasetProxy.java:399)
	at com.cadence.ufi.gui.data.GUFIBaseDatasetProxy$2.finishedWork(GUFIBaseDatasetProxy.java:384)
	at com.cadence.ufi.gui.worker.GUFITaskExecutor.done(GUFITaskExecutor.java:86)
	at javax.swing.SwingWorker$5.run(SwingWorker.java:737)
	at javax.swing.SwingWorker$DoSubmitAccumulativeRunnable.run(SwingWorker.java:832)
	at sun.swing.AccumulativeRunnable.run(AccumulativeRunnable.java:112)
	at javax.swing.SwingWorker$DoSubmitAccumulativeRunnable.actionPerformed(SwingWorker.java:842)
	at javax.swing.Timer.fireActionPerformed(Timer.java:313)
	at javax.swing.Timer$DoPostEvent.run(Timer.java:245)
	at java.awt.event.InvocationEvent.dispatch(InvocationEvent.java:311)
	at java.awt.EventQueue.dispatchEventImpl(EventQueue.java:758)
	at java.awt.EventQueue.access$500(EventQueue.java:97)
	at java.awt.EventQueue$3.run(EventQueue.java:709)
	at java.awt.EventQueue$3.run(EventQueue.java:703)
	at java.security.AccessController.doPrivileged(Native Method)
	at java.security.ProtectionDomain$JavaSecurityAccessImpl.doIntersectionPrivilege(ProtectionDomain.java:74)
	at java.awt.EventQueue.dispatchEvent(EventQueue.java:728)
	at java.awt.EventDispatchThread.pumpOneEventForFilters(EventDispatchThread.java:205)
	at java.awt.EventDispatchThread.pumpEventsForFilter(EventDispatchThread.java:116)
	at java.awt.EventDispatchThread.pumpEventsForHierarchy(EventDispatchThread.java:105)
	at java.awt.EventDispatchThread.pumpEvents(EventDispatchThread.java:101)
	at java.awt.EventDispatchThread.pumpEvents(EventDispatchThread.java:93)
	at java.awt.EventDispatchThread.run(EventDispatchThread.java:82)
[INFO ] 2022-07-27 15:09:18,284 [com.cadence.mdv.imc.Main] [main] - Binding debug tools http on port: 33003
[ERROR] 2022-07-27 15:09:37,181 [com.cadence.mdv.gui.activities.GMDVSummaryActivity] [AWT-EventQueue-0] - ASSERTION 'entity' must be of type 'GMDVBaseDomainEntity' at GMDVSummaryActivity.findHierarchyRootEntity()
[ERROR] 2022-07-27 15:09:37,181 [com.cadence.mdv.gui.activities.GMDVSummaryActivity] [AWT-EventQueue-0] - ASSERTION 'entity.getType() == MDVEntityType.SUMMARY_TREE_ROOT' failed at GMDVSummaryActivity.findHierarchyRootEntity()
[INFO ] 2022-10-18 14:08:17,611 [com.cadence.mdv.imc.Main] [main] - Binding debug tools http on port: 40437
[ERROR] 2022-10-18 14:08:21,615 [com.cadence.mdv.gui.activities.GMDVSummaryActivity] [AWT-EventQueue-0] - ASSERTION 'entity' must be of type 'GMDVBaseDomainEntity' at GMDVSummaryActivity.findHierarchyRootEntity()
[ERROR] 2022-10-18 14:08:21,615 [com.cadence.mdv.gui.activities.GMDVSummaryActivity] [AWT-EventQueue-0] - ASSERTION 'entity.getType() == MDVEntityType.SUMMARY_TREE_ROOT' failed at GMDVSummaryActivity.findHierarchyRootEntity()
[ERROR] 2022-10-18 14:08:21,632 [com.cadence.mdv.gui.activities.GMDVSummaryActivity] [AWT-EventQueue-0] - ASSERTION 'entity' must be of type 'GMDVBaseDomainEntity' at GMDVSummaryActivity.findHierarchyRootEntity()
[ERROR] 2022-10-18 14:08:21,632 [com.cadence.mdv.gui.activities.GMDVSummaryActivity] [AWT-EventQueue-0] - ASSERTION 'entity.getType() == MDVEntityType.SUMMARY_TREE_ROOT' failed at GMDVSummaryActivity.findHierarchyRootEntity()
[ERROR] 2022-10-18 14:08:21,751 [com.cadence.ufi.gui.util.DefaultExceptionHandler] [AWT-EventQueue-0] - Tool has encountered an internal error.<br>Please send: /mnt/hd2/bdickins/coursecode/uvm_reg_training_2103/solutions/lab09_coverage/tb/mdv.log to support@cadence.com<br>or contact Cadence Support.:java.lang.ClassCastException: com.cadence.ufi.gui.data.GUFINAEntity cannot be cast to com.cadence.mdv.gui.data.GMDVBaseDomainEntity
[ERROR] 2022-10-18 14:08:21,751 [com.cadence.ufi.gui.util.DefaultExceptionHandler] [AWT-EventQueue-0] - Tool has encountered an internal error.<br>Please send: /mnt/hd2/bdickins/coursecode/uvm_reg_training_2103/solutions/lab09_coverage/tb/mdv.log to support@cadence.com<br>or contact Cadence Support.
java.lang.ClassCastException: com.cadence.ufi.gui.data.GUFINAEntity cannot be cast to com.cadence.mdv.gui.data.GMDVBaseDomainEntity
	at com.cadence.mdv.gui.activities.GMDVSummaryActivity$GMDVSummarySubActivity.findHierarchyRootEntity(GMDVSummaryActivity.java:2678)
	at com.cadence.mdv.gui.activities.GMDVSummaryActivity$GMDVSummarySubActivity.access$12(GMDVSummaryActivity.java:2658)
	at com.cadence.mdv.gui.activities.GMDVSummaryActivity.getHierarchyTreeRoot(GMDVSummaryActivity.java:752)
	at com.cadence.mdv.gui.activities.GMDVSummaryActivity$GMDVSummarySubActivity$12.run(GMDVSummaryActivity.java:2492)
	at com.cadence.ufi.gui.data.GUFIBaseDatasetProxy$2.finishedWork(GUFIBaseDatasetProxy.java:399)
	at com.cadence.ufi.gui.data.GUFIBaseDatasetProxy$2.finishedWork(GUFIBaseDatasetProxy.java:384)
	at com.cadence.ufi.gui.worker.GUFITaskExecutor.done(GUFITaskExecutor.java:86)
	at javax.swing.SwingWorker$5.run(SwingWorker.java:737)
	at javax.swing.SwingWorker$DoSubmitAccumulativeRunnable.run(SwingWorker.java:832)
	at sun.swing.AccumulativeRunnable.run(AccumulativeRunnable.java:112)
	at javax.swing.SwingWorker$DoSubmitAccumulativeRunnable.actionPerformed(SwingWorker.java:842)
	at javax.swing.Timer.fireActionPerformed(Timer.java:313)
	at javax.swing.Timer$DoPostEvent.run(Timer.java:245)
	at java.awt.event.InvocationEvent.dispatch(InvocationEvent.java:311)
	at java.awt.EventQueue.dispatchEventImpl(EventQueue.java:758)
	at java.awt.EventQueue.access$500(EventQueue.java:97)
	at java.awt.EventQueue$3.run(EventQueue.java:709)
	at java.awt.EventQueue$3.run(EventQueue.java:703)
	at java.security.AccessController.doPrivileged(Native Method)
	at java.security.ProtectionDomain$JavaSecurityAccessImpl.doIntersectionPrivilege(ProtectionDomain.java:74)
	at java.awt.EventQueue.dispatchEvent(EventQueue.java:728)
	at java.awt.EventDispatchThread.pumpOneEventForFilters(EventDispatchThread.java:205)
	at java.awt.EventDispatchThread.pumpEventsForFilter(EventDispatchThread.java:116)
	at java.awt.EventDispatchThread.pumpEventsForHierarchy(EventDispatchThread.java:105)
	at java.awt.EventDispatchThread.pumpEvents(EventDispatchThread.java:101)
	at java.awt.EventDispatchThread.pumpEvents(EventDispatchThread.java:93)
	at java.awt.EventDispatchThread.run(EventDispatchThread.java:82)
[INFO ] 2022-10-18 14:52:39,003 [com.cadence.mdv.imc.Main] [main] - Binding debug tools http on port: 38087
[ERROR] 2022-10-18 14:52:50,026 [com.cadence.mdv.gui.activities.GMDVSummaryActivity] [AWT-EventQueue-0] - ASSERTION 'entity' must be of type 'GMDVBaseDomainEntity' at GMDVSummaryActivity.findHierarchyRootEntity()
[ERROR] 2022-10-18 14:52:50,027 [com.cadence.mdv.gui.activities.GMDVSummaryActivity] [AWT-EventQueue-0] - ASSERTION 'entity.getType() == MDVEntityType.SUMMARY_TREE_ROOT' failed at GMDVSummaryActivity.findHierarchyRootEntity()
[ERROR] 2022-10-18 14:52:50,040 [com.cadence.mdv.gui.activities.GMDVSummaryActivity] [AWT-EventQueue-0] - ASSERTION 'entity' must be of type 'GMDVBaseDomainEntity' at GMDVSummaryActivity.findHierarchyRootEntity()
[ERROR] 2022-10-18 14:52:50,040 [com.cadence.mdv.gui.activities.GMDVSummaryActivity] [AWT-EventQueue-0] - ASSERTION 'entity.getType() == MDVEntityType.SUMMARY_TREE_ROOT' failed at GMDVSummaryActivity.findHierarchyRootEntity()
[ERROR] 2022-10-18 14:52:50,092 [com.cadence.ufi.gui.util.DefaultExceptionHandler] [AWT-EventQueue-0] - Tool has encountered an internal error.<br>Please send: /mnt/hd2/bdickins/coursecode/uvm_reg_training_2103/solutions/lab09_coverage/tb/mdv.log to support@cadence.com<br>or contact Cadence Support.:java.lang.ClassCastException: com.cadence.ufi.gui.data.GUFINAEntity cannot be cast to com.cadence.mdv.gui.data.GMDVBaseDomainEntity
[ERROR] 2022-10-18 14:52:50,092 [com.cadence.ufi.gui.util.DefaultExceptionHandler] [AWT-EventQueue-0] - Tool has encountered an internal error.<br>Please send: /mnt/hd2/bdickins/coursecode/uvm_reg_training_2103/solutions/lab09_coverage/tb/mdv.log to support@cadence.com<br>or contact Cadence Support.
java.lang.ClassCastException: com.cadence.ufi.gui.data.GUFINAEntity cannot be cast to com.cadence.mdv.gui.data.GMDVBaseDomainEntity
	at com.cadence.mdv.gui.activities.GMDVSummaryActivity$GMDVSummarySubActivity.findHierarchyRootEntity(GMDVSummaryActivity.java:2678)
	at com.cadence.mdv.gui.activities.GMDVSummaryActivity$GMDVSummarySubActivity.access$12(GMDVSummaryActivity.java:2658)
	at com.cadence.mdv.gui.activities.GMDVSummaryActivity.getHierarchyTreeRoot(GMDVSummaryActivity.java:752)
	at com.cadence.mdv.gui.activities.GMDVSummaryActivity$GMDVSummarySubActivity$12.run(GMDVSummaryActivity.java:2492)
	at com.cadence.ufi.gui.data.GUFIBaseDatasetProxy$2.finishedWork(GUFIBaseDatasetProxy.java:399)
	at com.cadence.ufi.gui.data.GUFIBaseDatasetProxy$2.finishedWork(GUFIBaseDatasetProxy.java:384)
	at com.cadence.ufi.gui.worker.GUFITaskExecutor.done(GUFITaskExecutor.java:86)
	at javax.swing.SwingWorker$5.run(SwingWorker.java:737)
	at javax.swing.SwingWorker$DoSubmitAccumulativeRunnable.run(SwingWorker.java:832)
	at sun.swing.AccumulativeRunnable.run(AccumulativeRunnable.java:112)
	at javax.swing.SwingWorker$DoSubmitAccumulativeRunnable.actionPerformed(SwingWorker.java:842)
	at javax.swing.Timer.fireActionPerformed(Timer.java:313)
	at javax.swing.Timer$DoPostEvent.run(Timer.java:245)
	at java.awt.event.InvocationEvent.dispatch(InvocationEvent.java:311)
	at java.awt.EventQueue.dispatchEventImpl(EventQueue.java:758)
	at java.awt.EventQueue.access$500(EventQueue.java:97)
	at java.awt.EventQueue$3.run(EventQueue.java:709)
	at java.awt.EventQueue$3.run(EventQueue.java:703)
	at java.security.AccessController.doPrivileged(Native Method)
	at java.security.ProtectionDomain$JavaSecurityAccessImpl.doIntersectionPrivilege(ProtectionDomain.java:74)
	at java.awt.EventQueue.dispatchEvent(EventQueue.java:728)
	at java.awt.EventDispatchThread.pumpOneEventForFilters(EventDispatchThread.java:205)
	at java.awt.EventDispatchThread.pumpEventsForFilter(EventDispatchThread.java:116)
	at java.awt.EventDispatchThread.pumpEventsForHierarchy(EventDispatchThread.java:105)
	at java.awt.EventDispatchThread.pumpEvents(EventDispatchThread.java:101)
	at java.awt.EventDispatchThread.pumpEvents(EventDispatchThread.java:93)
	at java.awt.EventDispatchThread.run(EventDispatchThread.java:82)
