Activation command: reg_verifier -domain uvmreg -top yapp_router_regs.xml -dut_name yapp_router_regs -out_file yapp_router_regs -cov -quicktest -pkg yapp_router_reg_pkg
------------------
Running Glue Version: glue64.nightlys released (KG) build-tag: jenkins-KrazyGlue-270 build-revision: f71de4ecb679 tip Runtime: 11.0.10+9 build-host: vlsj-vipsia-fusion system-arch: amd64

Command Line Arguments:
	--quirks
	--jar /software/commercial/cadence/XCELIUM2209/tools.lnx86/sia/lib/image/rdve.jar
	--logfile ./reg_verifier_dir/reg_verifier
	--execute /tmp/reg_verifier_3373725.js

Packaged as 21.10.001-a released 2021-10-11T12:05:12.993203+03:00

Initializing

*** Warning: Replacing function 'post_release_generate_hook' callable by script which was previously registered for package 'tti_bnr'  At tti_bnr_manager.init() 

Initialize time (ms): 244

Package main.init() done.

(----------22 March 2025 9:18:26 PM----------)

Loading script /tmp/reg_verifier_3373725.js

HINT /tmp/reg_verifier_3373725.js:1 - The argument 'something' is unused

0 errors
0 warnings
1 hints


[Error]: File yapp_router_regs.xml does not exist
Aborting due to previous errors

Execution time (ms): 189

Execution done - exiting.

(----------22 March 2025 9:18:26 PM----------)

