xrun(64): 22.09-s010: (c) Copyright 1995-2023 Cadence Design Systems, Inc.
TOOL:	xrun(64)	22.09-s010: Started on Mar 22, 2025 at 17:38:23 EDT
xrun
	-f run.f
		-64
		-uvmhome /software/commercial/cadence/XCELIUM2209/tools/methodology/UVM/CDNS-1.1d
		+UVM_VERBOSITY=UVM_FULL
		+UVM_TESTNAME=test_mc
		+UVM_NO_RELNOTES
		-timescale 1ns/100ps
		-incdir ../sv
		-incdir ../../yapp/sv
		-incdir ../../channel/sv
		-incdir ../../hbus/sv
		-incdir ../../clock_and_reset/sv
		../../yapp/sv/yapp_pkg.sv
		../../yapp/sv/yapp_if.sv
		../../channel/sv/channel_pkg.sv
		../../channel/sv/channel_if.sv
		../../hbus/sv/hbus_pkg.sv
		../../hbus/sv/hbus_if.sv
		../../clock_and_reset/sv/clock_and_reset_pkg.sv
		../../clock_and_reset/sv/clock_and_reset_if.sv
		clkgen.sv
		tb_top.sv
		hw_top.sv
		../../router_rtl/yapp_router.sv

   User defined plus("+") options:
	+UVM_VERBOSITY=UVM_FULL
	+UVM_NO_RELNOTES

file: ../../clock_and_reset/sv/clock_and_reset_pkg.sv
package clock_and_reset_pkg;
                          |
xmvlog: *W,TSNSPK (../../clock_and_reset/sv/clock_and_reset_pkg.sv,3|26): `timescale is not specified for the package.  The default timescale of 1ns/1ns will be assumed for this package.
file: tb_top.sv
    return (pkt1.field1 == pkt2.field1) && (pkt1.field2 == pkt2.field2);
                      |
xmvlog: *E,NOTCLM (../sv/router_scoreboard.sv,56|22): field1 is not a class item.
    return (pkt1.field1 == pkt2.field1) && (pkt1.field2 == pkt2.field2);
                                     |
xmvlog: *E,NOTCLM (../sv/router_scoreboard.sv,56|37): field1 is not a class item.
    return (pkt1.field1 == pkt2.field1) && (pkt1.field2 == pkt2.field2);
                                                      |
xmvlog: *E,NOTCLM (../sv/router_scoreboard.sv,56|54): field2 is not a class item.
    return (pkt1.field1 == pkt2.field1) && (pkt1.field2 == pkt2.field2);
                                                                     |
xmvlog: *E,NOTCLM (../sv/router_scoreboard.sv,56|69): field2 is not a class item.
        yapp.rx_agent.analysis_port.connect(scoreboard.yapp_analysis_imp);
                    |
xmvlog: *E,NOTCLM (router_tb.sv,55|20): rx_agent is not a class item.
        chan0.rx_agent.analysis_port.connect(scoreboard.channel0_analysis_imp);
                                   |
xmvlog: *E,NOTCLM (router_tb.sv,56|35): analysis_port is not a class item.
        chan1.rx_agent.analysis_port.connect(scoreboard.channel1_analysis_imp);
                                   |
xmvlog: *E,NOTCLM (router_tb.sv,57|35): analysis_port is not a class item.
        chan2.rx_agent.analysis_port.connect(scoreboard.channel2_analysis_imp);
                                   |
xmvlog: *E,NOTCLM (router_tb.sv,58|35): analysis_port is not a class item.
	module worklib.tb_top:sv
		errors: 8, warnings: 0
xrun: *E,VLGERR: An error occurred during parsing.  Review the log file for errors with the code *E and fix those identified problems to proceed.  Exiting with code (status 1).
TOOL:	xrun(64)	22.09-s010: Exiting on Mar 22, 2025 at 17:38:24 EDT  (total: 00:00:01)
